14:16:33 **** Incremental Build of configuration Debug for project aufgabe3.3 ****
"\"C:\\Program Files\\Infineon\\DAVE-IDE_4.5.0\\eclipse\\ARM-GCC-49\\bin\\make\"" --output-sync -j8 all 
'Building file: ../main.c'
'Invoking: ARM-GCC C Compiler'
"C:/Program Files/Infineon/DAVE-IDE_4.5.0/eclipse/ARM-GCC-49/bin/arm-none-eabi-gcc" -MMD -MT "main.o" -DXMC4500_F100x1024 -I"C:/Users/Dennis/NextCloud/desktop/Neuer Ordner/aufgabe3.3/Libraries/XMCLib/inc" -I"C:/Users/Dennis/NextCloud/desktop/Neuer Ordner/aufgabe3.3/Libraries/CMSIS/Include" -I"C:/Users/Dennis/NextCloud/desktop/Neuer Ordner/aufgabe3.3/Libraries/CMSIS/Infineon/XMC4500_series/Include" -I"C:/Users/Dennis/NextCloud/desktop/Neuer Ordner/aufgabe3.3" -I"C:/Users/Dennis/NextCloud/desktop/Neuer Ordner/aufgabe3.3/Libraries" -O0 -ffunction-sections -fdata-sections -Wall -std=gnu99 -mfloat-abi=softfp -Wa,-adhlns="main.o.lst" -pipe -c -fmessage-length=0 -MMD -MP -MF"main.d" -MT"main.d main.o" -mcpu=cortex-m4 -mfpu=fpv4-sp-d16 -mthumb -g -gdwarf-2 -o "main.o" "../main.c" 
'Finished building: ../main.c'

'Building target: aufgabe3.3.elf'
'Invoking: ARM-GCC C Linker'
"C:/Program Files/Infineon/DAVE-IDE_4.5.0/eclipse/ARM-GCC-49/bin/arm-none-eabi-gcc" -T"../linker_script.ld" -nostartfiles -Xlinker --gc-sections -specs=nano.specs -specs=nosys.specs -Wl,-Map,"aufgabe3.3.map" -mfloat-abi=softfp -mfpu=fpv4-sp-d16 -mcpu=cortex-m4 -mthumb -g -gdwarf-2 -o "aufgabe3.3.elf" "@objects.rsp"  -lm
'Finished building target: aufgabe3.3.elf'

'Invoking: ARM-GCC Create Flash Image'
"C:/Program Files/Infineon/DAVE-IDE_4.5.0/eclipse/ARM-GCC-49/bin/arm-none-eabi-objcopy" -O ihex "aufgabe3.3.elf" "aufgabe33.hex"
'Finished building: aufgabe33.hex'

'Invoking: ARM-GCC Print Size'
"C:/Program Files/Infineon/DAVE-IDE_4.5.0/eclipse/ARM-GCC-49/bin/arm-none-eabi-size" --format=berkeley "aufgabe3.3.elf"
   text	   data	    bss	    dec	    hex	filename
   2136	     36	   2072	   4244	   1094	aufgabe3.3.elf
'Finished building: aufgabe3.3.siz'

'Invoking: ARM-GCC Create Listing'
"C:/Program Files/Infineon/DAVE-IDE_4.5.0/eclipse/ARM-GCC-49/bin/arm-none-eabi-objdump" -h -S "aufgabe3.3.elf" > "aufgabe3.3.lst"
'Finished building: aufgabe3.3.lst'


14:16:34 Build Finished (took 864ms)

